../User/Src/user_can.c:15:6:CAN_Init	8	static
../User/Src/user_can.c:29:19:CAN_SetFilters	56	static
../User/Src/user_can.c:59:6:CAN_SendMsg	56	static
../User/Src/user_can.c:89:6:CAN_ReadMsg	56	static
../User/Src/user_can.c:134:6:HAL_CAN_RxFifo0MsgPendingCallback	16	static
../User/Src/user_can.c:147:19:CAN_SetBank1Filters	64	static
../User/Src/user_can.c:170:6:SERVO_MsgProcess	32	static
../User/Src/user_can.c:184:6:FILTER_MsgProcess	24	static
../User/Src/user_can.c:199:6:PRESSURE_MsgProcess	64	static
../User/Src/user_can.c:234:6:PRESSURE_Send	56	static
