Archive member included to satisfy reference by file (symbol)

C:/ST/STM32CubeIDE_1.15.1/STM32CubeIDE/plugins/com.st.stm32cube.ide.mcu.externaltools.gnu-tools-for-stm32.12.3.rel1.win32_1.0.100.202403111256/tools/bin/../lib/gcc/arm-none-eabi/12.3.1/../../../../arm-none-eabi/lib/thumb/v7-m/nofp\libc_nano.a(libc_a-exit.o)
                              C:/ST/STM32CubeIDE_1.15.1/STM32CubeIDE/plugins/com.st.stm32cube.ide.mcu.externaltools.gnu-tools-for-stm32.12.3.rel1.win32_1.0.100.202403111256/tools/bin/../lib/gcc/arm-none-eabi/12.3.1/../../../../arm-none-eabi/lib/thumb/v7-m/nofp/crt0.o (exit)
C:/ST/STM32CubeIDE_1.15.1/STM32CubeIDE/plugins/com.st.stm32cube.ide.mcu.externaltools.gnu-tools-for-stm32.12.3.rel1.win32_1.0.100.202403111256/tools/bin/../lib/gcc/arm-none-eabi/12.3.1/../../../../arm-none-eabi/lib/thumb/v7-m/nofp\libc_nano.a(libc_a-findfp.o)
                              C:/ST/STM32CubeIDE_1.15.1/STM32CubeIDE/plugins/com.st.stm32cube.ide.mcu.externaltools.gnu-tools-for-stm32.12.3.rel1.win32_1.0.100.202403111256/tools/bin/../lib/gcc/arm-none-eabi/12.3.1/../../../../arm-none-eabi/lib/thumb/v7-m/nofp\libc_nano.a(libc_a-exit.o) (__stdio_exit_handler)
C:/ST/STM32CubeIDE_1.15.1/STM32CubeIDE/plugins/com.st.stm32cube.ide.mcu.externaltools.gnu-tools-for-stm32.12.3.rel1.win32_1.0.100.202403111256/tools/bin/../lib/gcc/arm-none-eabi/12.3.1/../../../../arm-none-eabi/lib/thumb/v7-m/nofp\libc_nano.a(libc_a-fwalk.o)
                              C:/ST/STM32CubeIDE_1.15.1/STM32CubeIDE/plugins/com.st.stm32cube.ide.mcu.externaltools.gnu-tools-for-stm32.12.3.rel1.win32_1.0.100.202403111256/tools/bin/../lib/gcc/arm-none-eabi/12.3.1/../../../../arm-none-eabi/lib/thumb/v7-m/nofp\libc_nano.a(libc_a-findfp.o) (_fwalk_sglue)
C:/ST/STM32CubeIDE_1.15.1/STM32CubeIDE/plugins/com.st.stm32cube.ide.mcu.externaltools.gnu-tools-for-stm32.12.3.rel1.win32_1.0.100.202403111256/tools/bin/../lib/gcc/arm-none-eabi/12.3.1/../../../../arm-none-eabi/lib/thumb/v7-m/nofp\libc_nano.a(libc_a-stdio.o)
                              C:/ST/STM32CubeIDE_1.15.1/STM32CubeIDE/plugins/com.st.stm32cube.ide.mcu.externaltools.gnu-tools-for-stm32.12.3.rel1.win32_1.0.100.202403111256/tools/bin/../lib/gcc/arm-none-eabi/12.3.1/../../../../arm-none-eabi/lib/thumb/v7-m/nofp\libc_nano.a(libc_a-findfp.o) (__sread)
C:/ST/STM32CubeIDE_1.15.1/STM32CubeIDE/plugins/com.st.stm32cube.ide.mcu.externaltools.gnu-tools-for-stm32.12.3.rel1.win32_1.0.100.202403111256/tools/bin/../lib/gcc/arm-none-eabi/12.3.1/../../../../arm-none-eabi/lib/thumb/v7-m/nofp\libc_nano.a(libc_a-memset.o)
                              C:/ST/STM32CubeIDE_1.15.1/STM32CubeIDE/plugins/com.st.stm32cube.ide.mcu.externaltools.gnu-tools-for-stm32.12.3.rel1.win32_1.0.100.202403111256/tools/bin/../lib/gcc/arm-none-eabi/12.3.1/../../../../arm-none-eabi/lib/thumb/v7-m/nofp/crt0.o (memset)
C:/ST/STM32CubeIDE_1.15.1/STM32CubeIDE/plugins/com.st.stm32cube.ide.mcu.externaltools.gnu-tools-for-stm32.12.3.rel1.win32_1.0.100.202403111256/tools/bin/../lib/gcc/arm-none-eabi/12.3.1/../../../../arm-none-eabi/lib/thumb/v7-m/nofp\libc_nano.a(libc_a-closer.o)
                              C:/ST/STM32CubeIDE_1.15.1/STM32CubeIDE/plugins/com.st.stm32cube.ide.mcu.externaltools.gnu-tools-for-stm32.12.3.rel1.win32_1.0.100.202403111256/tools/bin/../lib/gcc/arm-none-eabi/12.3.1/../../../../arm-none-eabi/lib/thumb/v7-m/nofp\libc_nano.a(libc_a-stdio.o) (_close_r)
C:/ST/STM32CubeIDE_1.15.1/STM32CubeIDE/plugins/com.st.stm32cube.ide.mcu.externaltools.gnu-tools-for-stm32.12.3.rel1.win32_1.0.100.202403111256/tools/bin/../lib/gcc/arm-none-eabi/12.3.1/../../../../arm-none-eabi/lib/thumb/v7-m/nofp\libc_nano.a(libc_a-reent.o)
                              C:/ST/STM32CubeIDE_1.15.1/STM32CubeIDE/plugins/com.st.stm32cube.ide.mcu.externaltools.gnu-tools-for-stm32.12.3.rel1.win32_1.0.100.202403111256/tools/bin/../lib/gcc/arm-none-eabi/12.3.1/../../../../arm-none-eabi/lib/thumb/v7-m/nofp\libc_nano.a(libc_a-closer.o) (errno)
C:/ST/STM32CubeIDE_1.15.1/STM32CubeIDE/plugins/com.st.stm32cube.ide.mcu.externaltools.gnu-tools-for-stm32.12.3.rel1.win32_1.0.100.202403111256/tools/bin/../lib/gcc/arm-none-eabi/12.3.1/../../../../arm-none-eabi/lib/thumb/v7-m/nofp\libc_nano.a(libc_a-impure.o)
                              C:/ST/STM32CubeIDE_1.15.1/STM32CubeIDE/plugins/com.st.stm32cube.ide.mcu.externaltools.gnu-tools-for-stm32.12.3.rel1.win32_1.0.100.202403111256/tools/bin/../lib/gcc/arm-none-eabi/12.3.1/../../../../arm-none-eabi/lib/thumb/v7-m/nofp\libc_nano.a(libc_a-reent.o) (_impure_ptr)
C:/ST/STM32CubeIDE_1.15.1/STM32CubeIDE/plugins/com.st.stm32cube.ide.mcu.externaltools.gnu-tools-for-stm32.12.3.rel1.win32_1.0.100.202403111256/tools/bin/../lib/gcc/arm-none-eabi/12.3.1/../../../../arm-none-eabi/lib/thumb/v7-m/nofp\libc_nano.a(libc_a-lseekr.o)
[...]
Memory Configuration

Name             Origin             Length             Attributes
RAM              0x20000000         0x00005000         xrw
FLASH            0x08000000         0x00010000         xr
*default*        0x00000000         0xffffffff

Linker script and memory map

LOAD C:/ST/STM32CubeIDE_1.15.1/STM32CubeIDE/plugins/com.st.stm32cube.ide.mcu.externaltools.gnu-tools-for-stm32.12.3.rel1.win32_1.0.100.202403111256/tools/bin/../lib/gcc/arm-none-eabi/12.3.1/thumb/v7-m/nofp/crti.o
LOAD C:/ST/STM32CubeIDE_1.15.1/STM32CubeIDE/plugins/com.st.stm32cube.ide.mcu.externaltools.gnu-tools-for-stm32.12.3.rel1.win32_1.0.100.202403111256/tools/bin/../lib/gcc/arm-none-eabi/12.3.1/thumb/v7-m/nofp/crtbegin.o
LOAD C:/ST/STM32CubeIDE_1.15.1/STM32CubeIDE/plugins/com.st.stm32cube.ide.mcu.externaltools.gnu-tools-for-stm32.12.3.rel1.win32_1.0.100.202403111256/tools/bin/../lib/gcc/arm-none-eabi/12.3.1/../../../../arm-none-eabi/lib/thumb/v7-m/nofp/crt0.o
LOAD ./Core/Src/can.o
LOAD ./Core/Src/gpio.o
LOAD ./Core/Src/main.o
LOAD ./Core/Src/stm32f1xx_hal_msp.o
LOAD ./Core/Src/stm32f1xx_it.o
LOAD ./Core/Src/syscalls.o
LOAD ./Core/Src/sysmem.o
LOAD ./Core/Src/system_stm32f1xx.o
LOAD ./Core/Src/tim.o
LOAD ./Core/Startup/startup_stm32f103c8tx.o
LOAD ./Drivers/STM32F1xx_HAL_Driver/Src/stm32f1xx_hal.o
LOAD ./Drivers/STM32F1xx_HAL_Driver/Src/stm32f1xx_hal_can.o
LOAD ./Drivers/STM32F1xx_HAL_Driver/Src/stm32f1xx_hal_cortex.o
LOAD ./Drivers/STM32F1xx_HAL_Driver/Src/stm32f1xx_hal_dma.o
LOAD ./Drivers/STM32F1xx_HAL_Driver/Src/stm32f1xx_hal_exti.o
LOAD ./Drivers/STM32F1xx_HAL_Driver/Src/stm32f1xx_hal_flash.o
LOAD ./Drivers/STM32F1xx_HAL_Driver/Src/stm32f1xx_hal_flash_ex.o
LOAD ./Drivers/STM32F1xx_HAL_Driver/Src/stm32f1xx_hal_gpio.o
LOAD ./Drivers/STM32F1xx_HAL_Driver/Src/stm32f1xx_hal_gpio_ex.o
LOAD ./Drivers/STM32F1xx_HAL_Driver/Src/stm32f1xx_hal_pwr.o
LOAD ./Drivers/STM32F1xx_HAL_Driver/Src/stm32f1xx_hal_rcc.o
LOAD ./Drivers/STM32F1xx_HAL_Driver/Src/stm32f1xx_hal_rcc_ex.o
LOAD ./Drivers/STM32F1xx_HAL_Driver/Src/stm32f1xx_hal_tim.o
LOAD ./Drivers/STM32F1xx_HAL_Driver/Src/stm32f1xx_hal_tim_ex.o
LOAD ./User/Src/user_can.o
LOAD ./User/Src/user_flash_64kb.o
LOAD ./User/Src/user_pwm.o
LOAD ./User/Src/user_uart.o
START GROUP
LOAD C:/ST/STM32CubeIDE_1.15.1/STM32CubeIDE/plugins/com.st.stm32cube.ide.mcu.externaltools.gnu-tools-for-stm32.12.3.rel1.win32_1.0.100.202403111256/tools/bin/../lib/gcc/arm-none-eabi/12.3.1/../../../../arm-none-eabi/lib/thumb/v7-m/nofp\libc_nano.a
LOAD C:/ST/STM32CubeIDE_1.15.1/STM32CubeIDE/plugins/com.st.stm32cube.ide.mcu.externaltools.gnu-tools-for-stm32.12.3.rel1.win32_1.0.100.202403111256/tools/bin/../lib/gcc/arm-none-eabi/12.3.1/../../../../arm-none-eabi/lib/thumb/v7-m/nofp\libm.a
END GROUP
START GROUP
LOAD C:/ST/STM32CubeIDE_1.15.1/STM32CubeIDE/plugins/com.st.stm32cube.ide.mcu.externaltools.gnu-tools-for-stm32.12.3.rel1.win32_1.0.100.202403111256/tools/bin/../lib/gcc/arm-none-eabi/12.3.1/thumb/v7-m/nofp\libgcc.a
LOAD C:/ST/STM32CubeIDE_1.15.1/STM32CubeIDE/plugins/com.st.stm32cube.ide.mcu.externaltools.gnu-tools-for-stm32.12.3.rel1.win32_1.0.100.202403111256/tools/bin/../lib/gcc/arm-none-eabi/12.3.1/../../../../arm-none-eabi/lib/thumb/v7-m/nofp\libc_nano.a
END GROUP
START GROUP
LOAD C:/ST/STM32CubeIDE_1.15.1/STM32CubeIDE/plugins/com.st.stm32cube.ide.mcu.externaltools.gnu-tools-for-stm32.12.3.rel1.win32_1.0.100.202403111256/tools/bin/../lib/gcc/arm-none-eabi/12.3.1/thumb/v7-m/nofp\libgcc.a
LOAD C:/ST/STM32CubeIDE_1.15.1/STM32CubeIDE/plugins/com.st.stm32cube.ide.mcu.externaltools.gnu-tools-for-stm32.12.3.rel1.win32_1.0.100.202403111256/tools/bin/../lib/gcc/arm-none-eabi/12.3.1/../../../../arm-none-eabi/lib/thumb/v7-m/nofp\libc_nano.a
LOAD C:/ST/STM32CubeIDE_1.15.1/STM32CubeIDE/plugins/com.st.stm32cube.ide.mcu.externaltools.gnu-tools-for-stm32.12.3.rel1.win32_1.0.100.202403111256/tools/bin/../lib/gcc/arm-none-eabi/12.3.1/../../../../arm-none-eabi/lib/thumb/v7-m/nofp\libnosys.a
END GROUP
START GROUP
LOAD C:/ST/STM32CubeIDE_1.15.1/STM32CubeIDE/plugins/com.st.stm32cube.ide.mcu.externaltools.gnu-tools-for-stm32.12.3.rel1.win32_1.0.100.202403111256/tools/bin/../lib/gcc/arm-none-eabi/12.3.1/thumb/v7-m/nofp\libgcc.a
LOAD C:/ST/STM32CubeIDE_1.15.1/STM32CubeIDE/plugins/com.st.stm32cube.ide.mcu.externaltools.gnu-tools-for-stm32.12.3.rel1.win32_1.0.100.202403111256/tools/bin/../lib/gcc/arm-none-eabi/12.3.1/../../../../arm-none-eabi/lib/thumb/v7-m/nofp\libc_nano.a
LOAD C:/ST/STM32CubeIDE_1.15.1/STM32CubeIDE/plugins/com.st.stm32cube.ide.mcu.externaltools.gnu-tools-for-stm32.12.3.rel1.win32_1.0.100.202403111256/tools/bin/../lib/gcc/arm-none-eabi/12.3.1/../../../../arm-none-eabi/lib/thumb/v7-m/nofp\libnosys.a
END GROUP
LOAD C:/ST/STM32CubeIDE_1.15.1/STM32CubeIDE/plugins/com.st.stm32cube.ide.mcu.externaltools.gnu-tools-for-stm32.12.3.rel1.win32_1.0.100.202403111256/tools/bin/../lib/gcc/arm-none-eabi/12.3.1/thumb/v7-m/nofp/crtend.o
LOAD C:/ST/STM32CubeIDE_1.15.1/STM32CubeIDE/plugins/com.st.stm32cube.ide.mcu.externaltools.gnu-tools-for-stm32.12.3.rel1.win32_1.0.100.202403111256/tools/bin/../lib/gcc/arm-none-eabi/12.3.1/thumb/v7-m/nofp/crtn.o
                0x20005000                        _estack = (ORIGIN (RAM) + LENGTH (RAM))
                0x00000200                        _Min_Heap_Size = 0x200
                0x00000400                        _Min_Stack_Size = 0x400

.isr_vector     0x08000000      0x10c
                0x08000000                        . = ALIGN (0x4)
 *(.isr_vector)
 .isr_vector    0x08000000      0x10c ./Core/Startup/startup_stm32f103c8tx.o
                0x08000000                g_pfnVectors
                0x0800010c                        . = ALIGN (0x4)

.text           0x0800010c     0x30d8
                0x0800010c                        . = ALIGN (0x4)
 *(.text)
 .text          0x0800010c       0x40 C:/ST/STM32CubeIDE_1.15.1/STM32CubeIDE/plugins/com.st.stm32cube.ide.mcu.externaltools.gnu-tools-for-stm32.12.3.rel1.win32_1.0.100.202403111256/tools/bin/../lib/gcc/arm-none-eabi/12.3.1/thumb/v7-m/nofp/crtbegin.o
 *(.text*)
 .text.MX_CAN_Init
                0x0800014c       0x6c ./Core/Src/can.o
                0x0800014c                MX_CAN_Init
 .text.HAL_CAN_MspInit
                0x080001b8       0xa8 ./Core/Src/can.o
                0x080001b8                HAL_CAN_MspInit
 .text.MX_GPIO_Init
                0x08000260       0x5c ./Core/Src/gpio.o
                0x08000260                MX_GPIO_Init
 .text.main     0x080002bc       0xe0 ./Core/Src/main.o
                0x080002bc                main
 .text.SystemClock_Config
                0x0800039c       0x8a ./Core/Src/main.o
                0x0800039c                SystemClock_Config
 .text.Error_Handler
                0x08000426        0xc ./Core/Src/main.o
                0x08000426                Error_Handler
 *fill*         0x08000432        0x2 
 .text.HAL_MspInit
                0x08000434       0x68 ./Core/Src/stm32f1xx_hal_msp.o
                0x08000434                HAL_MspInit
 .text.NMI_Handler
                0x0800049c        0x8 ./Core/Src/stm32f1xx_it.o
                0x0800049c                NMI_Handler
 .text.HardFault_Handler
                0x080004a4        0x8 ./Core/Src/stm32f1xx_it.o
                0x080004a4                HardFault_Handler
 .text.MemManage_Handler
                0x080004ac        0x8 ./Core/Src/stm32f1xx_it.o
                0x080004ac                MemManage_Handler
 .text.BusFault_Handler
                0x080004b4        0x8 ./Core/Src/stm32f1xx_it.o
                0x080004b4                BusFault_Handler
 .text.UsageFault_Handler
                0x080004bc        0x8 ./Core/Src/stm32f1xx_it.o
                0x080004bc                UsageFault_Handler
 .text.SVC_Handler
                0x080004c4        0xc ./Core/Src/stm32f1xx_it.o
                0x080004c4                SVC_Handler
 .text.DebugMon_Handler
                0x080004d0        0xc ./Core/Src/stm32f1xx_it.o
                0x080004d0                DebugMon_Handler
 .text.PendSV_Handler
                0x080004dc        0xc ./Core/Src/stm32f1xx_it.o
                0x080004dc                PendSV_Handler
 .text.SysTick_Handler
                0x080004e8        0xc ./Core/Src/stm32f1xx_it.o
                0x080004e8                SysTick_Handler
 .text.CAN1_RX1_IRQHandler
                0x080004f4       0x14 ./Core/Src/stm32f1xx_it.o
                0x080004f4                CAN1_RX1_IRQHandler
 .text.SystemInit
                0x08000508        0xc ./Core/Src/system_stm32f1xx.o
                0x08000508                SystemInit
 .text.MX_TIM2_Init
                0x08000514       0xc8 ./Core/Src/tim.o
                0x08000514                MX_TIM2_Init
 .text.MX_TIM3_Init
                0x080005dc       0xc8 ./Core/Src/tim.o
                0x080005dc                MX_TIM3_Init
 .text.MX_TIM4_Init
                0x080006a4       0xf4 ./Core/Src/tim.o
                0x080006a4                MX_TIM4_Init
 .text.HAL_TIM_PWM_MspInit
                0x08000798       0x88 ./Core/Src/tim.o
                0x08000798                HAL_TIM_PWM_MspInit
 .text.HAL_TIM_MspPostInit
                0x08000820      0x164 ./Core/Src/tim.o
                0x08000820                HAL_TIM_MspPostInit
 .text.Reset_Handler
                0x08000984       0x48 ./Core/Startup/startup_stm32f103c8tx.o
                0x08000984                Reset_Handler
 .text.Default_Handler
                0x080009cc        0x2 ./Core/Startup/startup_stm32f103c8tx.o
                0x080009cc                RTC_Alarm_IRQHandler
                0x080009cc                EXTI2_IRQHandler
                0x080009cc                TIM1_CC_IRQHandler
                0x080009cc                PVD_IRQHandler
                0x080009cc                EXTI3_IRQHandler
                0x080009cc                EXTI0_IRQHandler
                0x080009cc                I2C2_EV_IRQHandler
                0x080009cc                ADC1_2_IRQHandler
                0x080009cc                SPI1_IRQHandler
                0x080009cc                TAMPER_IRQHandler
                0x080009cc                DMA1_Channel4_IRQHandler
                0x080009cc                USART3_IRQHandler
                0x080009cc                RTC_IRQHandler
                0x080009cc                DMA1_Channel7_IRQHandler
                0x080009cc                TIM4_IRQHandler
                0x080009cc                I2C1_EV_IRQHandler
                0x080009cc                DMA1_Channel6_IRQHandler
                0x080009cc                TIM3_IRQHandler
                0x080009cc                RCC_IRQHandler
                0x080009cc                TIM1_TRG_COM_IRQHandler
                0x080009cc                DMA1_Channel1_IRQHandler
                0x080009cc                Default_Handler
                0x080009cc                EXTI15_10_IRQHandler
                0x080009cc                EXTI9_5_IRQHandler
                0x080009cc                SPI2_IRQHandler
                0x080009cc                DMA1_Channel5_IRQHandler
                0x080009cc                EXTI4_IRQHandler
                0x080009cc                USB_LP_CAN1_RX0_IRQHandler
                0x080009cc                USB_HP_CAN1_TX_IRQHandler
                0x080009cc                DMA1_Channel3_IRQHandler
                0x080009cc                TIM1_UP_IRQHandler
                0x080009cc                WWDG_IRQHandler
                0x080009cc                TIM2_IRQHandler
                0x080009cc                TIM1_BRK_IRQHandler
                0x080009cc                EXTI1_IRQHandler
                0x080009cc                USART2_IRQHandler
                0x080009cc                I2C2_ER_IRQHandler
                0x080009cc                DMA1_Channel2_IRQHandler
                0x080009cc                CAN1_SCE_IRQHandler
                0x080009cc                FLASH_IRQHandler
                0x080009cc                USART1_IRQHandler
                0x080009cc                I2C1_ER_IRQHandler
                0x080009cc                USBWakeUp_IRQHandler
 *fill*         0x080009ce        0x2 
 .text.HAL_Init
                0x080009d0       0x2c ./Drivers/STM32F1xx_HAL_Driver/Src/stm32f1xx_hal.o
                0x080009d0                HAL_Init
 .text.HAL_InitTick
                0x080009fc       0x60 ./Drivers/STM32F1xx_HAL_Driver/Src/stm32f1xx_hal.o
                0x080009fc                HAL_InitTick
 .text.HAL_IncTick
                0x08000a5c       0x24 ./Drivers/STM32F1xx_HAL_Driver/Src/stm32f1xx_hal.o
                0x08000a5c                HAL_IncTick
 .text.HAL_GetTick
                0x08000a80       0x14 ./Drivers/STM32F1xx_HAL_Driver/Src/stm32f1xx_hal.o
                0x08000a80                HAL_GetTick
 .text.HAL_CAN_Init
                0x08000a94      0x1f6 ./Drivers/STM32F1xx_HAL_Driver/Src/stm32f1xx_hal_can.o
                0x08000a94                HAL_CAN_Init
 .text.HAL_CAN_ConfigFilter
                0x08000c8a      0x192 ./Drivers/STM32F1xx_HAL_Driver/Src/stm32f1xx_hal_can.o
                0x08000c8a                HAL_CAN_ConfigFilter
 .text.HAL_CAN_Start
                0x08000e1c       0x88 ./Drivers/STM32F1xx_HAL_Driver/Src/stm32f1xx_hal_can.o
                0x08000e1c                HAL_CAN_Start
 .text.HAL_CAN_GetRxMessage
                0x08000ea4      0x242 ./Drivers/STM32F1xx_HAL_Driver/Src/stm32f1xx_hal_can.o
                0x08000ea4                HAL_CAN_GetRxMessage
 .text.HAL_CAN_GetRxFifoFillLevel
                0x080010e6       0x4e ./Drivers/STM32F1xx_HAL_Driver/Src/stm32f1xx_hal_can.o
                0x080010e6                HAL_CAN_GetRxFifoFillLevel
 .text.HAL_CAN_IRQHandler
                0x08001134      0x36e ./Drivers/STM32F1xx_HAL_Driver/Src/stm32f1xx_hal_can.o
                0x08001134                HAL_CAN_IRQHandler
 .text.HAL_CAN_TxMailbox0CompleteCallback
                0x080014a2       0x12 ./Drivers/STM32F1xx_HAL_Driver/Src/stm32f1xx_hal_can.o
                0x080014a2                HAL_CAN_TxMailbox0CompleteCallback
 .text.HAL_CAN_TxMailbox1CompleteCallback
                0x080014b4       0x12 ./Drivers/STM32F1xx_HAL_Driver/Src/stm32f1xx_hal_can.o
                0x080014b4                HAL_CAN_TxMailbox1CompleteCallback
 .text.HAL_CAN_TxMailbox2CompleteCallback
                0x080014c6       0x12 ./Drivers/STM32F1xx_HAL_Driver/Src/stm32f1xx_hal_can.o
                0x080014c6                HAL_CAN_TxMailbox2CompleteCallback
 .text.HAL_CAN_TxMailbox0AbortCallback
                0x080014d8       0x12 ./Drivers/STM32F1xx_HAL_Driver/Src/stm32f1xx_hal_can.o
                0x080014d8                HAL_CAN_TxMailbox0AbortCallback
 .text.HAL_CAN_TxMailbox1AbortCallback
                0x080014ea       0x12 ./Drivers/STM32F1xx_HAL_Driver/Src/stm32f1xx_hal_can.o
                0x080014ea                HAL_CAN_TxMailbox1AbortCallback
 .text.HAL_CAN_TxMailbox2AbortCallback
                0x080014fc       0x12 ./Drivers/STM32F1xx_HAL_Driver/Src/stm32f1xx_hal_can.o
                0x080014fc                HAL_CAN_TxMailbox2AbortCallback
 .text.HAL_CAN_RxFifo0MsgPendingCallback
                0x0800150e       0x12 ./Drivers/STM32F1xx_HAL_Driver/Src/stm32f1xx_hal_can.o
                0x0800150e                HAL_CAN_RxFifo0MsgPendingCallback
 .text.HAL_CAN_RxFifo0FullCallback
                0x08001520       0x12 ./Drivers/STM32F1xx_HAL_Driver/Src/stm32f1xx_hal_can.o
                0x08001520                HAL_CAN_RxFifo0FullCallback
 .text.HAL_CAN_RxFifo1MsgPendingCallback
                0x08001532       0x12 ./Drivers/STM32F1xx_HAL_Driver/Src/stm32f1xx_hal_can.o
                0x08001532                HAL_CAN_RxFifo1MsgPendingCallback
 .text.HAL_CAN_RxFifo1FullCallback
                0x08001544       0x12 ./Drivers/STM32F1xx_HAL_Driver/Src/stm32f1xx_hal_can.o
                0x08001544                HAL_CAN_RxFifo1FullCallback
 .text.HAL_CAN_SleepCallback
                0x08001556       0x12 ./Drivers/STM32F1xx_HAL_Driver/Src/stm32f1xx_hal_can.o
                0x08001556                HAL_CAN_SleepCallback
 .text.HAL_CAN_WakeUpFromRxMsgCallback
                0x08001568       0x12 ./Drivers/STM32F1xx_HAL_Driver/Src/stm32f1xx_hal_can.o
                0x08001568                HAL_CAN_WakeUpFromRxMsgCallback
 .text.HAL_CAN_ErrorCallback
                0x0800157a       0x12 ./Drivers/STM32F1xx_HAL_Driver/Src/stm32f1xx_hal_can.o
                0x0800157a                HAL_CAN_ErrorCallback
 .text.__NVIC_SetPriorityGrouping
                0x0800158c       0x48 ./Drivers/STM32F1xx_HAL_Driver/Src/stm32f1xx_hal_cortex.o
 .text.__NVIC_GetPriorityGrouping
                0x080015d4       0x1c ./Drivers/STM32F1xx_HAL_Driver/Src/stm32f1xx_hal_cortex.o
 .text.__NVIC_EnableIRQ
                0x080015f0       0x38 ./Drivers/STM32F1xx_HAL_Driver/Src/stm32f1xx_hal_cortex.o
 .text.__NVIC_SetPriority
                0x08001628       0x54 ./Drivers/STM32F1xx_HAL_Driver/Src/stm32f1xx_hal_cortex.o
 .text.NVIC_EncodePriority
                0x0800167c       0x64 ./Drivers/STM32F1xx_HAL_Driver/Src/stm32f1xx_hal_cortex.o
 .text.SysTick_Config
                0x080016e0       0x44 ./Drivers/STM32F1xx_HAL_Driver/Src/stm32f1xx_hal_cortex.o
 .text.HAL_NVIC_SetPriorityGrouping
                0x08001724       0x16 ./Drivers/STM32F1xx_HAL_Driver/Src/stm32f1xx_hal_cortex.o
                0x08001724                HAL_NVIC_SetPriorityGrouping
 .text.HAL_NVIC_SetPriority
                0x0800173a       0x38 ./Drivers/STM32F1xx_HAL_Driver/Src/stm32f1xx_hal_cortex.o
                0x0800173a                HAL_NVIC_SetPriority
 .text.HAL_NVIC_EnableIRQ
                0x08001772       0x1c ./Drivers/STM32F1xx_HAL_Driver/Src/stm32f1xx_hal_cortex.o
                0x08001772                HAL_NVIC_EnableIRQ
 .text.HAL_SYSTICK_Config
                0x0800178e       0x18 ./Drivers/STM32F1xx_HAL_Driver/Src/stm32f1xx_hal_cortex.o
                0x0800178e                HAL_SYSTICK_Config
 *fill*         0x080017a6        0x2 
 .text.HAL_FLASH_Program
                0x080017a8       0xe0 ./Drivers/STM32F1xx_HAL_Driver/Src/stm32f1xx_hal_flash.o
                0x080017a8                HAL_FLASH_Program
 .text.HAL_FLASH_Unlock
                0x08001888       0x4c ./Drivers/STM32F1xx_HAL_Driver/Src/stm32f1xx_hal_flash.o
                0x08001888                HAL_FLASH_Unlock
 .text.HAL_FLASH_Lock
                0x080018d4       0x20 ./Drivers/STM32F1xx_HAL_Driver/Src/stm32f1xx_hal_flash.o
                0x080018d4                HAL_FLASH_Lock
 .text.FLASH_Program_HalfWord
                0x080018f4       0x38 ./Drivers/STM32F1xx_HAL_Driver/Src/stm32f1xx_hal_flash.o
 .text.FLASH_WaitForLastOperation
                0x0800192c       0x8c ./Drivers/STM32F1xx_HAL_Driver/Src/stm32f1xx_hal_flash.o
                0x0800192c                FLASH_WaitForLastOperation
 .text.FLASH_SetErrorCode
                0x080019b8       0xa0 ./Drivers/STM32F1xx_HAL_Driver/Src/stm32f1xx_hal_flash.o
 .text.HAL_FLASHEx_Erase
                0x08001a58       0xd8 ./Drivers/STM32F1xx_HAL_Driver/Src/stm32f1xx_hal_flash_ex.o
                0x08001a58                HAL_FLASHEx_Erase
 .text.FLASH_MassErase
                0x08001b30       0x38 ./Drivers/STM32F1xx_HAL_Driver/Src/stm32f1xx_hal_flash_ex.o
 .text.FLASH_PageErase
                0x08001b68       0x40 ./Drivers/STM32F1xx_HAL_Driver/Src/stm32f1xx_hal_flash_ex.o
                0x08001b68                FLASH_PageErase
 .text.HAL_GPIO_Init
                0x08001ba8      0x308 ./Drivers/STM32F1xx_HAL_Driver/Src/stm32f1xx_hal_gpio.o
                0x08001ba8                HAL_GPIO_Init
 .text.HAL_RCC_OscConfig
                0x08001eb0      0x504 ./Drivers/STM32F1xx_HAL_Driver/Src/stm32f1xx_hal_rcc.o
                0x08001eb0                HAL_RCC_OscConfig
 .text.HAL_RCC_ClockConfig
                0x080023b4      0x1d4 ./Drivers/STM32F1xx_HAL_Driver/Src/stm32f1xx_hal_rcc.o
                0x080023b4                HAL_RCC_ClockConfig
 .text.HAL_RCC_GetSysClockFreq
                0x08002588       0xa8 ./Drivers/STM32F1xx_HAL_Driver/Src/stm32f1xx_hal_rcc.o
                0x08002588                HAL_RCC_GetSysClockFreq
 .text.RCC_Delay
                0x08002630       0x3c ./Drivers/STM32F1xx_HAL_Driver/Src/stm32f1xx_hal_rcc.o
 .text.HAL_TIM_PWM_Init
                0x0800266c       0x9e ./Drivers/STM32F1xx_HAL_Driver/Src/stm32f1xx_hal_tim.o
                0x0800266c                HAL_TIM_PWM_Init
 *fill*         0x0800270a        0x2 
 .text.HAL_TIM_PWM_Start
                0x0800270c      0x144 ./Drivers/STM32F1xx_HAL_Driver/Src/stm32f1xx_hal_tim.o
                0x0800270c                HAL_TIM_PWM_Start
 .text.HAL_TIM_PWM_ConfigChannel
                0x08002850      0x184 ./Drivers/STM32F1xx_HAL_Driver/Src/stm32f1xx_hal_tim.o
                0x08002850                HAL_TIM_PWM_ConfigChannel
 .text.TIM_Base_SetConfig
                0x080029d4       0xdc ./Drivers/STM32F1xx_HAL_Driver/Src/stm32f1xx_hal_tim.o
                0x080029d4                TIM_Base_SetConfig
 .text.TIM_OC1_SetConfig
                0x08002ab0       0xcc ./Drivers/STM32F1xx_HAL_Driver/Src/stm32f1xx_hal_tim.o
 .text.TIM_OC2_SetConfig
                0x08002b7c       0xd4 ./Drivers/STM32F1xx_HAL_Driver/Src/stm32f1xx_hal_tim.o
                0x08002b7c                TIM_OC2_SetConfig
 .text.TIM_OC3_SetConfig
                0x08002c50       0xd4 ./Drivers/STM32F1xx_HAL_Driver/Src/stm32f1xx_hal_tim.o
 .text.TIM_OC4_SetConfig
                0x08002d24       0x9c ./Drivers/STM32F1xx_HAL_Driver/Src/stm32f1xx_hal_tim.o
 .text.TIM_CCxChannelCmd
                0x08002dc0       0x48 ./Drivers/STM32F1xx_HAL_Driver/Src/stm32f1xx_hal_tim.o
                0x08002dc0                TIM_CCxChannelCmd
 .text.HAL_TIMEx_MasterConfigSynchronization
                0x08002e08       0xbc ./Drivers/STM32F1xx_HAL_Driver/Src/stm32f1xx_hal_tim_ex.o
                0x08002e08                HAL_TIMEx_MasterConfigSynchronization
 .text.CAN_Init
                0x08002ec4       0x30 ./User/Src/user_can.o
                0x08002ec4                CAN_Init
 .text.CAN_SetFilters
                0x08002ef4       0x50 ./User/Src/user_can.o
                0x08002ef4                CAN_SetFilters
 .text.CAN_SetBank1Filters
                0x08002f44       0x54 ./User/Src/user_can.o
                0x08002f44                CAN_SetBank1Filters
 .text.SERVO_MsgProcess
                0x08002f98       0x46 ./User/Src/user_can.o
                0x08002f98                SERVO_MsgProcess
 .text.FILTER_MsgProcess
                0x08002fde       0x36 ./User/Src/user_can.o
                0x08002fde                FILTER_MsgProcess
 .text.Flash_ErasePage64
                0x08003014       0x44 ./User/Src/user_flash_64kb.o
                0x08003014                Flash_ErasePage64
 .text.Flash_WriteDataToPage64
                0x08003058       0x48 ./User/Src/user_flash_64kb.o
                0x08003058                Flash_WriteDataToPage64
 .text.Flash_ReadDataFromPage64
                0x080030a0       0x22 ./User/Src/user_flash_64kb.o
                0x080030a0                Flash_ReadDataFromPage64
 .text.Flash_WriteFilterDataToPage64
                0x080030c2       0x18 ./User/Src/user_flash_64kb.o
                0x080030c2                Flash_WriteFilterDataToPage64
 .text.Flash_ReadFilterDataToPage64
                0x080030da       0x10 ./User/Src/user_flash_64kb.o
                0x080030da                Flash_ReadFilterDataToPage64
 *fill*         0x080030ea        0x2 
 .text.PWM_SetCompare
                0x080030ec       0x88 ./User/Src/user_pwm.o
                0x080030ec                PWM_SetCompare
 .text.memset   0x08003174       0x10 C:/ST/STM32CubeIDE_1.15.1/STM32CubeIDE/plugins/com.st.stm32cube.ide.mcu.externaltools.gnu-tools-for-stm32.12.3.rel1.win32_1.0.100.202403111256/tools/bin/../lib/gcc/arm-none-eabi/12.3.1/../../../../arm-none-eabi/lib/thumb/v7-m/nofp\libc_nano.a(libc_a-memset.o)
                0x08003174                memset
 .text.__libc_init_array
                0x08003184       0x48 C:/ST/STM32CubeIDE_1.15.1/STM32CubeIDE/plugins/com.st.stm32cube.ide.mcu.externaltools.gnu-tools-for-stm32.12.3.rel1.win32_1.0.100.202403111256/tools/bin/../lib/gcc/arm-none-eabi/12.3.1/../../../../arm-none-eabi/lib/thumb/v7-m/nofp\libc_nano.a(libc_a-init.o)
                0x08003184                __libc_init_array
 *(.glue_7)
 .glue_7        0x080031cc        0x0 linker stubs
 *(.glue_7t)
 .glue_7t       0x080031cc        0x0 linker stubs
 *(.eh_frame)
 .eh_frame      0x080031cc        0x0 C:/ST/STM32CubeIDE_1.15.1/STM32CubeIDE/plugins/com.st.stm32cube.ide.mcu.externaltools.gnu-tools-for-stm32.12.3.rel1.win32_1.0.100.202403111256/tools/bin/../lib/gcc/arm-none-eabi/12.3.1/thumb/v7-m/nofp/crtbegin.o
 *(.init)
 .init          0x080031cc        0x4 C:/ST/STM32CubeIDE_1.15.1/STM32CubeIDE/plugins/com.st.stm32cube.ide.mcu.externaltools.gnu-tools-for-stm32.12.3.rel1.win32_1.0.100.202403111256/tools/bin/../lib/gcc/arm-none-eabi/12.3.1/thumb/v7-m/nofp/crti.o
                0x080031cc                _init
 .init          0x080031d0        0x8 C:/ST/STM32CubeIDE_1.15.1/STM32CubeIDE/plugins/com.st.stm32cube.ide.mcu.externaltools.gnu-tools-for-stm32.12.3.rel1.win32_1.0.100.202403111256/tools/bin/../lib/gcc/arm-none-eabi/12.3.1/thumb/v7-m/nofp/crtn.o
 *(.fini)
 .fini          0x080031d8        0x4 C:/ST/STM32CubeIDE_1.15.1/STM32CubeIDE/plugins/com.st.stm32cube.ide.mcu.externaltools.gnu-tools-for-stm32.12.3.rel1.win32_1.0.100.202403111256/tools/bin/../lib/gcc/arm-none-eabi/12.3.1/thumb/v7-m/nofp/crti.o
                0x080031d8                _fini
 .fini          0x080031dc        0x8 C:/ST/STM32CubeIDE_1.15.1/STM32CubeIDE/plugins/com.st.stm32cube.ide.mcu.externaltools.gnu-tools-for-stm32.12.3.rel1.win32_1.0.100.202403111256/tools/bin/../lib/gcc/arm-none-eabi/12.3.1/thumb/v7-m/nofp/crtn.o
                0x080031e4                        . = ALIGN (0x4)
                0x080031e4                        _etext = .

.vfp11_veneer   0x080031e4        0x0
 .vfp11_veneer  0x080031e4        0x0 linker stubs

.v4_bx          0x080031e4        0x0
 .v4_bx         0x080031e4        0x0 linker stubs

.iplt           0x080031e4        0x0
 .iplt          0x080031e4        0x0 C:/ST/STM32CubeIDE_1.15.1/STM32CubeIDE/plugins/com.st.stm32cube.ide.mcu.externaltools.gnu-tools-for-stm32.12.3.rel1.win32_1.0.100.202403111256/tools/bin/../lib/gcc/arm-none-eabi/12.3.1/thumb/v7-m/nofp/crtbegin.o

.rodata         0x080031e4       0x24
                0x080031e4                        . = ALIGN (0x4)
 *(.rodata)
 *(.rodata*)
 .rodata.AHBPrescTable
                0x080031e4       0x10 ./Core/Src/system_stm32f1xx.o
                0x080031e4                AHBPrescTable
 .rodata.aPLLMULFactorTable.1
                0x080031f4       0x10 ./Drivers/STM32F1xx_HAL_Driver/Src/stm32f1xx_hal_rcc.o
 .rodata.aPredivFactorTable.0
                0x08003204        0x2 ./Drivers/STM32F1xx_HAL_Driver/Src/stm32f1xx_hal_rcc.o
                0x08003208                        . = ALIGN (0x4)
 *fill*         0x08003206        0x2 

.ARM.extab      0x08003208        0x0
                0x08003208                        . = ALIGN (0x4)
 *(.ARM.extab* .gnu.linkonce.armextab.*)
                0x08003208                        . = ALIGN (0x4)

.ARM            0x08003208        0x0
                0x08003208                        . = ALIGN (0x4)
                0x08003208                        __exidx_start = .
 *(.ARM.exidx*)
                0x08003208                        __exidx_end = .
                0x08003208                        . = ALIGN (0x4)

.preinit_array  0x08003208        0x0
                0x08003208                        . = ALIGN (0x4)
                0x08003208                        PROVIDE (__preinit_array_start = .)
 *(.preinit_array*)
                0x08003208                        PROVIDE (__preinit_array_end = .)
                0x08003208                        . = ALIGN (0x4)

.init_array     0x08003208        0x4
                0x08003208                        . = ALIGN (0x4)
                0x08003208                        PROVIDE (__init_array_start = .)
 *(SORT_BY_NAME(.init_array.*))
 *(.init_array*)
 .init_array    0x08003208        0x4 C:/ST/STM32CubeIDE_1.15.1/STM32CubeIDE/plugins/com.st.stm32cube.ide.mcu.externaltools.gnu-tools-for-stm32.12.3.rel1.win32_1.0.100.202403111256/tools/bin/../lib/gcc/arm-none-eabi/12.3.1/thumb/v7-m/nofp/crtbegin.o
                0x0800320c                        PROVIDE (__init_array_end = .)
                0x0800320c                        . = ALIGN (0x4)

.fini_array     0x0800320c        0x4
                0x0800320c                        . = ALIGN (0x4)
                [!provide]                        PROVIDE (__fini_array_start = .)
 *(SORT_BY_NAME(.fini_array.*))
 *(.fini_array*)
 .fini_array    0x0800320c        0x4 C:/ST/STM32CubeIDE_1.15.1/STM32CubeIDE/plugins/com.st.stm32cube.ide.mcu.externaltools.gnu-tools-for-stm32.12.3.rel1.win32_1.0.100.202403111256/tools/bin/../lib/gcc/arm-none-eabi/12.3.1/thumb/v7-m/nofp/crtbegin.o
                [!provide]                        PROVIDE (__fini_array_end = .)
                0x08003210                        . = ALIGN (0x4)
                0x08003210                        _sidata = LOADADDR (.data)

.rel.dyn        0x08003210        0x0
 .rel.iplt      0x08003210        0x0 C:/ST/STM32CubeIDE_1.15.1/STM32CubeIDE/plugins/com.st.stm32cube.ide.mcu.externaltools.gnu-tools-for-stm32.12.3.rel1.win32_1.0.100.202403111256/tools/bin/../lib/gcc/arm-none-eabi/12.3.1/thumb/v7-m/nofp/crtbegin.o

.data           0x20000000       0x4c load address 0x08003210
                0x20000000                        . = ALIGN (0x4)
                0x20000000                        _sdata = .
 *(.data)
 *(.data*)
 .data.SystemCoreClock
                0x20000000        0x4 ./Core/Src/system_stm32f1xx.o
                0x20000000                SystemCoreClock
 .data.uwTickPrio
                0x20000004        0x4 ./Drivers/STM32F1xx_HAL_Driver/Src/stm32f1xx_hal.o
                0x20000004                uwTickPrio
 .data.uwTickFreq
                0x20000008        0x1 ./Drivers/STM32F1xx_HAL_Driver/Src/stm32f1xx_hal.o
                0x20000008                uwTickFreq
 *fill*         0x20000009        0x3 
 .data.pwm_channels
                0x2000000c       0x40 ./User/Src/user_pwm.o
                0x2000000c                pwm_channels
 *(.RamFunc)
 *(.RamFunc*)
                0x2000004c                        . = ALIGN (0x4)
                0x2000004c                        _edata = .

.igot.plt       0x2000004c        0x0 load address 0x0800325c
 .igot.plt      0x2000004c        0x0 C:/ST/STM32CubeIDE_1.15.1/STM32CubeIDE/plugins/com.st.stm32cube.ide.mcu.externaltools.gnu-tools-for-stm32.12.3.rel1.win32_1.0.100.202403111256/tools/bin/../lib/gcc/arm-none-eabi/12.3.1/thumb/v7-m/nofp/crtbegin.o
                0x2000004c                        . = ALIGN (0x4)

.bss            0x20000050      0x16c load address 0x0800325c
                0x20000050                        _sbss = .
                0x20000050                        __bss_start__ = _sbss
 *(.bss)
 .bss           0x20000050       0x1c C:/ST/STM32CubeIDE_1.15.1/STM32CubeIDE/plugins/com.st.stm32cube.ide.mcu.externaltools.gnu-tools-for-stm32.12.3.rel1.win32_1.0.100.202403111256/tools/bin/../lib/gcc/arm-none-eabi/12.3.1/thumb/v7-m/nofp/crtbegin.o
 *(.bss*)
 .bss.hcan      0x2000006c       0x28 ./Core/Src/can.o
                0x2000006c                hcan
 .bss.RxHeader  0x20000094       0x1c ./Core/Src/main.o
                0x20000094                RxHeader
 .bss.RxData    0x200000b0        0x8 ./Core/Src/main.o
                0x200000b0                RxData
 .bss.htim2     0x200000b8       0x48 ./Core/Src/tim.o
                0x200000b8                htim2
 .bss.htim3     0x20000100       0x48 ./Core/Src/tim.o
                0x20000100                htim3
 .bss.htim4     0x20000148       0x48 ./Core/Src/tim.o
                0x20000148                htim4
 .bss.uwTick    0x20000190        0x4 ./Drivers/STM32F1xx_HAL_Driver/Src/stm32f1xx_hal.o
                0x20000190                uwTick
 *fill*         0x20000194        0x4 
 .bss.pFlash    0x20000198       0x20 ./Drivers/STM32F1xx_HAL_Driver/Src/stm32f1xx_hal_flash.o
                0x20000198                pFlash
 .bss.privateStdId
                0x200001b8        0x4 ./User/Src/user_can.o
                0x200001b8                privateStdId
 *(COMMON)
                0x200001bc                        . = ALIGN (0x4)
                0x200001bc                        _ebss = .
                0x200001bc                        __bss_end__ = _ebss

._user_heap_stack
                0x200001bc      0x604 load address 0x0800325c
                0x200001c0                        . = ALIGN (0x8)
 *fill*         0x200001bc        0x4 
                [!provide]                        PROVIDE (end = .)
                0x200001c0                        PROVIDE (_end = .)
                0x200003c0                        . = (. + _Min_Heap_Size)
 *fill*         0x200001c0      0x200 
                0x200007c0                        . = (. + _Min_Stack_Size)
 *fill*         0x200003c0      0x400 
                0x200007c0                        . = ALIGN (0x8)

/DISCARD/
 libc.a(*)
 libm.a(*)
 libgcc.a(*)

.ARM.attributes
                0x00000000       0x29
 *(.ARM.attributes)
 .ARM.attributes
                0x00000000       0x1d C:/ST/STM32CubeIDE_1.15.1/STM32CubeIDE/plugins/com.st.stm32cube.ide.mcu.externaltools.gnu-tools-for-stm32.12.3.rel1.win32_1.0.100.202403111256/tools/bin/../lib/gcc/arm-none-eabi/12.3.1/thumb/v7-m/nofp/crti.o
 .ARM.attributes
                0x0000001d       0x2d C:/ST/STM32CubeIDE_1.15.1/STM32CubeIDE/plugins/com.st.stm32cube.ide.mcu.externaltools.gnu-tools-for-stm32.12.3.rel1.win32_1.0.100.202403111256/tools/bin/../lib/gcc/arm-none-eabi/12.3.1/thumb/v7-m/nofp/crtbegin.o
 .ARM.attributes
                0x0000004a       0x2d ./Core/Src/can.o
 .ARM.attributes
                0x00000077       0x2d ./Core/Src/gpio.o
 .ARM.attributes
                0x000000a4       0x2d ./Core/Src/main.o
 .ARM.attributes
                0x000000d1       0x2d ./Core/Src/stm32f1xx_hal_msp.o
 .ARM.attributes
                0x000000fe       0x2d ./Core/Src/stm32f1xx_it.o
 .ARM.attributes
                0x0000012b       0x2d ./Core/Src/system_stm32f1xx.o
 .ARM.attributes
                0x00000158       0x2d ./Core/Src/tim.o
 .ARM.attributes
                0x00000185       0x21 ./Core/Startup/startup_stm32f103c8tx.o
 .ARM.attributes
                0x000001a6       0x2d ./Drivers/STM32F1xx_HAL_Driver/Src/stm32f1xx_hal.o
 .ARM.attributes
                0x000001d3       0x2d ./Drivers/STM32F1xx_HAL_Driver/Src/stm32f1xx_hal_can.o
 .ARM.attributes
                0x00000200       0x2d ./Drivers/STM32F1xx_HAL_Driver/Src/stm32f1xx_hal_cortex.o
 .ARM.attributes
                0x0000022d       0x2d ./Drivers/STM32F1xx_HAL_Driver/Src/stm32f1xx_hal_flash.o
 .ARM.attributes
                0x0000025a       0x2d ./Drivers/STM32F1xx_HAL_Driver/Src/stm32f1xx_hal_flash_ex.o
 .ARM.attributes
                0x00000287       0x2d ./Drivers/STM32F1xx_HAL_Driver/Src/stm32f1xx_hal_gpio.o
 .ARM.attributes
                0x000002b4       0x2d ./Drivers/STM32F1xx_HAL_Driver/Src/stm32f1xx_hal_rcc.o
 .ARM.attributes
                0x000002e1       0x2d ./Drivers/STM32F1xx_HAL_Driver/Src/stm32f1xx_hal_tim.o
 .ARM.attributes
                0x0000030e       0x2d ./Drivers/STM32F1xx_HAL_Driver/Src/stm32f1xx_hal_tim_ex.o
 .ARM.attributes
                0x0000033b       0x2d ./User/Src/user_can.o
 .ARM.attributes
                0x00000368       0x2d ./User/Src/user_flash_64kb.o
 .ARM.attributes
                0x00000395       0x2d ./User/Src/user_pwm.o
 .ARM.attributes
                0x000003c2       0x2d C:/ST/STM32CubeIDE_1.15.1/STM32CubeIDE/plugins/com.st.stm32cube.ide.mcu.externaltools.gnu-tools-for-stm32.12.3.rel1.win32_1.0.100.202403111256/tools/bin/../lib/gcc/arm-none-eabi/12.3.1/../../../../arm-none-eabi/lib/thumb/v7-m/nofp\libc_nano.a(libc_a-memset.o)
 .ARM.attributes
                0x000003ef       0x2d C:/ST/STM32CubeIDE_1.15.1/STM32CubeIDE/plugins/com.st.stm32cube.ide.mcu.externaltools.gnu-tools-for-stm32.12.3.rel1.win32_1.0.100.202403111256/tools/bin/../lib/gcc/arm-none-eabi/12.3.1/../../../../arm-none-eabi/lib/thumb/v7-m/nofp\libc_nano.a(libc_a-init.o)
 .ARM.attributes
                0x0000041c       0x1d C:/ST/STM32CubeIDE_1.15.1/STM32CubeIDE/plugins/com.st.stm32cube.ide.mcu.externaltools.gnu-tools-for-stm32.12.3.rel1.win32_1.0.100.202403111256/tools/bin/../lib/gcc/arm-none-eabi/12.3.1/thumb/v7-m/nofp/crtn.o
OUTPUT(soft_hand_controller_v2.elf elf32-littlearm)
LOAD linker stubs
LOAD C:/ST/STM32CubeIDE_1.15.1/STM32CubeIDE/plugins/com.st.stm32cube.ide.mcu.externaltools.gnu-tools-for-stm32.12.3.rel1.win32_1.0.100.202403111256/tools/bin/../lib/gcc/arm-none-eabi/12.3.1/../../../../arm-none-eabi/lib/thumb/v7-m/nofp\libc.a
LOAD C:/ST/STM32CubeIDE_1.15.1/STM32CubeIDE/plugins/com.st.stm32cube.ide.mcu.externaltools.gnu-tools-for-stm32.12.3.rel1.win32_1.0.100.202403111256/tools/bin/../lib/gcc/arm-none-eabi/12.3.1/../../../../arm-none-eabi/lib/thumb/v7-m/nofp\libm.a
LOAD C:/ST/STM32CubeIDE_1.15.1/STM32CubeIDE/plugins/com.st.stm32cube.ide.mcu.externaltools.gnu-tools-for-stm32.12.3.rel1.win32_1.0.100.202403111256/tools/bin/../lib/gcc/arm-none-eabi/12.3.1/thumb/v7-m/nofp\libgcc.a

.debug_info     0x00000000     0xb735
 .debug_info    0x00000000      0x86e ./Core/Src/can.o
 .debug_info    0x0000086e      0x18b ./Core/Src/gpio.o
 .debug_info    0x000009f9      0xdd4 ./Core/Src/main.o
 .debug_info    0x000017cd      0x20b ./Core/Src/stm32f1xx_hal_msp.o
 .debug_info    0x000019d8      0x508 ./Core/Src/stm32f1xx_it.o
 .debug_info    0x00001ee0      0x222 ./Core/Src/system_stm32f1xx.o
 .debug_info    0x00002102      0xb5c ./Core/Src/tim.o
 .debug_info    0x00002c5e       0x30 ./Core/Startup/startup_stm32f103c8tx.o
 .debug_info    0x00002c8e      0x704 ./Drivers/STM32F1xx_HAL_Driver/Src/stm32f1xx_hal.o
 .debug_info    0x00003392      0xf13 ./Drivers/STM32F1xx_HAL_Driver/Src/stm32f1xx_hal_can.o
 .debug_info    0x000042a5      0xa87 ./Drivers/STM32F1xx_HAL_Driver/Src/stm32f1xx_hal_cortex.o
 .debug_info    0x00004d2c      0x4f8 ./Drivers/STM32F1xx_HAL_Driver/Src/stm32f1xx_hal_flash.o
 .debug_info    0x00005224      0x777 ./Drivers/STM32F1xx_HAL_Driver/Src/stm32f1xx_hal_flash_ex.o
 .debug_info    0x0000599b      0x5ab ./Drivers/STM32F1xx_HAL_Driver/Src/stm32f1xx_hal_gpio.o
 .debug_info    0x00005f46      0x7d5 ./Drivers/STM32F1xx_HAL_Driver/Src/stm32f1xx_hal_rcc.o
 .debug_info    0x0000671b     0x2959 ./Drivers/STM32F1xx_HAL_Driver/Src/stm32f1xx_hal_tim.o
 .debug_info    0x00009074     0x149b ./Drivers/STM32F1xx_HAL_Driver/Src/stm32f1xx_hal_tim_ex.o
 .debug_info    0x0000a50f      0x92b ./User/Src/user_can.o
 .debug_info    0x0000ae3a      0x267 ./User/Src/user_flash_64kb.o
 .debug_info    0x0000b0a1      0x694 ./User/Src/user_pwm.o

.debug_abbrev   0x00000000     0x260e
 .debug_abbrev  0x00000000      0x232 ./Core/Src/can.o
 .debug_abbrev  0x00000232       0xc6 ./Core/Src/gpio.o
 .debug_abbrev  0x000002f8      0x2a3 ./Core/Src/main.o
 .debug_abbrev  0x0000059b       0xf7 ./Core/Src/stm32f1xx_hal_msp.o
 .debug_abbrev  0x00000692      0x17c ./Core/Src/stm32f1xx_it.o
 .debug_abbrev  0x0000080e      0x13f ./Core/Src/system_stm32f1xx.o
 .debug_abbrev  0x0000094d      0x27f ./Core/Src/tim.o
 .debug_abbrev  0x00000bcc       0x24 ./Core/Startup/startup_stm32f103c8tx.o
 .debug_abbrev  0x00000bf0      0x201 ./Drivers/STM32F1xx_HAL_Driver/Src/stm32f1xx_hal.o
 .debug_abbrev  0x00000df1      0x21c ./Drivers/STM32F1xx_HAL_Driver/Src/stm32f1xx_hal_can.o
 .debug_abbrev  0x0000100d      0x2f8 ./Drivers/STM32F1xx_HAL_Driver/Src/stm32f1xx_hal_cortex.o
 .debug_abbrev  0x00001305      0x250 ./Drivers/STM32F1xx_HAL_Driver/Src/stm32f1xx_hal_flash.o
 .debug_abbrev  0x00001555      0x247 ./Drivers/STM32F1xx_HAL_Driver/Src/stm32f1xx_hal_flash_ex.o
 .debug_abbrev  0x0000179c      0x1ca ./Drivers/STM32F1xx_HAL_Driver/Src/stm32f1xx_hal_gpio.o
 .debug_abbrev  0x00001966      0x2b3 ./Drivers/STM32F1xx_HAL_Driver/Src/stm32f1xx_hal_rcc.o
 .debug_abbrev  0x00001c19      0x277 ./Drivers/STM32F1xx_HAL_Driver/Src/stm32f1xx_hal_tim.o
 .debug_abbrev  0x00001e90      0x282 ./Drivers/STM32F1xx_HAL_Driver/Src/stm32f1xx_hal_tim_ex.o
 .debug_abbrev  0x00002112      0x22d ./User/Src/user_can.o
 .debug_abbrev  0x0000233f      0x15b ./User/Src/user_flash_64kb.o
 .debug_abbrev  0x0000249a      0x174 ./User/Src/user_pwm.o

.debug_aranges  0x00000000      0xca8
 .debug_aranges
                0x00000000       0x30 ./Core/Src/can.o
 .debug_aranges
                0x00000030       0x20 ./Core/Src/gpio.o
 .debug_aranges
                0x00000050       0x30 ./Core/Src/main.o
 .debug_aranges
                0x00000080       0x20 ./Core/Src/stm32f1xx_hal_msp.o
 .debug_aranges
                0x000000a0       0x68 ./Core/Src/stm32f1xx_it.o
 .debug_aranges
                0x00000108       0x28 ./Core/Src/system_stm32f1xx.o
 .debug_aranges
                0x00000130       0x48 ./Core/Src/tim.o
 .debug_aranges
                0x00000178       0x28 ./Core/Startup/startup_stm32f103c8tx.o
 .debug_aranges
                0x000001a0       0xe0 ./Drivers/STM32F1xx_HAL_Driver/Src/stm32f1xx_hal.o
 .debug_aranges
                0x00000280      0x138 ./Drivers/STM32F1xx_HAL_Driver/Src/stm32f1xx_hal_can.o
 .debug_aranges
                0x000003b8      0x100 ./Drivers/STM32F1xx_HAL_Driver/Src/stm32f1xx_hal_cortex.o
 .debug_aranges
                0x000004b8       0x88 ./Drivers/STM32F1xx_HAL_Driver/Src/stm32f1xx_hal_flash.o
 .debug_aranges
                0x00000540       0x98 ./Drivers/STM32F1xx_HAL_Driver/Src/stm32f1xx_hal_flash_ex.o
 .debug_aranges
                0x000005d8       0x58 ./Drivers/STM32F1xx_HAL_Driver/Src/stm32f1xx_hal_gpio.o
 .debug_aranges
                0x00000630       0x90 ./Drivers/STM32F1xx_HAL_Driver/Src/stm32f1xx_hal_rcc.o
 .debug_aranges
                0x000006c0      0x3d0 ./Drivers/STM32F1xx_HAL_Driver/Src/stm32f1xx_hal_tim.o
 .debug_aranges
                0x00000a90      0x168 ./Drivers/STM32F1xx_HAL_Driver/Src/stm32f1xx_hal_tim_ex.o
 .debug_aranges
                0x00000bf8       0x50 ./User/Src/user_can.o
 .debug_aranges
                0x00000c48       0x40 ./User/Src/user_flash_64kb.o
 .debug_aranges
                0x00000c88       0x20 ./User/Src/user_pwm.o

.debug_rnglists
                0x00000000      0x9a9
 .debug_rnglists
                0x00000000       0x20 ./Core/Src/can.o
 .debug_rnglists
                0x00000020       0x13 ./Core/Src/gpio.o
 .debug_rnglists
                0x00000033       0x21 ./Core/Src/main.o
 .debug_rnglists
                0x00000054       0x13 ./Core/Src/stm32f1xx_hal_msp.o
 .debug_rnglists
                0x00000067       0x49 ./Core/Src/stm32f1xx_it.o
 .debug_rnglists
                0x000000b0       0x1a ./Core/Src/system_stm32f1xx.o
 .debug_rnglists
                0x000000ca       0x36 ./Core/Src/tim.o
 .debug_rnglists
                0x00000100       0x19 ./Core/Startup/startup_stm32f103c8tx.o
 .debug_rnglists
                0x00000119       0xa3 ./Drivers/STM32F1xx_HAL_Driver/Src/stm32f1xx_hal.o
 .debug_rnglists
                0x000001bc       0xed ./Drivers/STM32F1xx_HAL_Driver/Src/stm32f1xx_hal_can.o
 .debug_rnglists
                0x000002a9       0xbb ./Drivers/STM32F1xx_HAL_Driver/Src/stm32f1xx_hal_cortex.o
 .debug_rnglists
                0x00000364       0x66 ./Drivers/STM32F1xx_HAL_Driver/Src/stm32f1xx_hal_flash.o
 .debug_rnglists
                0x000003ca       0x73 ./Drivers/STM32F1xx_HAL_Driver/Src/stm32f1xx_hal_flash_ex.o
 .debug_rnglists
                0x0000043d       0x3f ./Drivers/STM32F1xx_HAL_Driver/Src/stm32f1xx_hal_gpio.o
 .debug_rnglists
                0x0000047c       0x6c ./Drivers/STM32F1xx_HAL_Driver/Src/stm32f1xx_hal_rcc.o
 .debug_rnglists
                0x000004e8      0x31a ./Drivers/STM32F1xx_HAL_Driver/Src/stm32f1xx_hal_tim.o
 .debug_rnglists
                0x00000802      0x125 ./Drivers/STM32F1xx_HAL_Driver/Src/stm32f1xx_hal_tim_ex.o
 .debug_rnglists
                0x00000927       0x43 ./User/Src/user_can.o
 .debug_rnglists
                0x0000096a       0x2b ./User/Src/user_flash_64kb.o
 .debug_rnglists
                0x00000995       0x14 ./User/Src/user_pwm.o

.debug_macro    0x00000000    0x18d63
 .debug_macro   0x00000000      0x2d5 ./Core/Src/can.o
 .debug_macro   0x000002d5      0xaa8 ./Core/Src/can.o
 .debug_macro   0x00000d7d      0x21b ./Core/Src/can.o
 .debug_macro   0x00000f98       0x2e ./Core/Src/can.o
 .debug_macro   0x00000fc6       0x22 ./Core/Src/can.o
 .debug_macro   0x00000fe8       0x22 ./Core/Src/can.o
 .debug_macro   0x0000100a       0x8e ./Core/Src/can.o
 .debug_macro   0x00001098       0x51 ./Core/Src/can.o
 .debug_macro   0x000010e9      0x103 ./Core/Src/can.o
 .debug_macro   0x000011ec       0x6a ./Core/Src/can.o
 .debug_macro   0x00001256      0x1df ./Core/Src/can.o
 .debug_macro   0x00001435       0x1c ./Core/Src/can.o
 .debug_macro   0x00001451       0x22 ./Core/Src/can.o
 .debug_macro   0x00001473       0xbd ./Core/Src/can.o
 .debug_macro   0x00001530      0xd23 ./Core/Src/can.o
 .debug_macro   0x00002253     0xe09e ./Core/Src/can.o
 .debug_macro   0x000102f1       0x6d ./Core/Src/can.o
 .debug_macro   0x0001035e     0x34a2 ./Core/Src/can.o
 .debug_macro   0x00013800      0x189 ./Core/Src/can.o
 .debug_macro   0x00013989       0x5c ./Core/Src/can.o
 .debug_macro   0x000139e5      0x5bc ./Core/Src/can.o
 .debug_macro   0x00013fa1      0x289 ./Core/Src/can.o
 .debug_macro   0x0001422a      0x1cb ./Core/Src/can.o
 .debug_macro   0x000143f5      0x114 ./Core/Src/can.o
 .debug_macro   0x00014509      0x1b2 ./Core/Src/can.o
 .debug_macro   0x000146bb       0x27 ./Core/Src/can.o
 .debug_macro   0x000146e2      0x136 ./Core/Src/can.o
 .debug_macro   0x00014818      0x1bc ./Core/Src/can.o
 .debug_macro   0x000149d4       0x34 ./Core/Src/can.o
 .debug_macro   0x00014a08       0x3c ./Core/Src/can.o
 .debug_macro   0x00014a44      0x408 ./Core/Src/can.o
 .debug_macro   0x00014e4c       0x57 ./Core/Src/can.o
 .debug_macro   0x00014ea3       0x87 ./Core/Src/can.o
 .debug_macro   0x00014f2a      0x240 ./Core/Src/can.o
 .debug_macro   0x0001516a      0x140 ./Core/Src/can.o
 .debug_macro   0x000152aa      0x8ed ./Core/Src/can.o
 .debug_macro   0x00015b97       0x83 ./Core/Src/can.o
 .debug_macro   0x00015c1a       0x10 ./Core/Src/can.o
 .debug_macro   0x00015c2a       0x10 ./Core/Src/can.o
 .debug_macro   0x00015c3a       0x61 ./Core/Src/can.o
 .debug_macro   0x00015c9b       0x24 ./Core/Src/can.o
 .debug_macro   0x00015cbf       0x43 ./Core/Src/can.o
 .debug_macro   0x00015d02       0x34 ./Core/Src/can.o
 .debug_macro   0x00015d36       0x16 ./Core/Src/can.o
 .debug_macro   0x00015d4c       0x35 ./Core/Src/can.o
 .debug_macro   0x00015d81      0x369 ./Core/Src/can.o
 .debug_macro   0x000160ea       0x10 ./Core/Src/can.o
 .debug_macro   0x000160fa       0x16 ./Core/Src/can.o
 .debug_macro   0x00016110       0x43 ./Core/Src/can.o
 .debug_macro   0x00016153       0x34 ./Core/Src/can.o
 .debug_macro   0x00016187       0x10 ./Core/Src/can.o
 .debug_macro   0x00016197       0x58 ./Core/Src/can.o
 .debug_macro   0x000161ef       0x8e ./Core/Src/can.o
 .debug_macro   0x0001627d       0x1c ./Core/Src/can.o
 .debug_macro   0x00016299      0x177 ./Core/Src/can.o
 .debug_macro   0x00016410       0x16 ./Core/Src/can.o
 .debug_macro   0x00016426       0x16 ./Core/Src/can.o
 .debug_macro   0x0001643c      0x146 ./Core/Src/can.o
 .debug_macro   0x00016582      0x2d5 ./Core/Src/gpio.o
 .debug_macro   0x00016857      0x2dd ./Core/Src/main.o
 .debug_macro   0x00016b34      0x2d1 ./Core/Src/stm32f1xx_hal_msp.o
 .debug_macro   0x00016e05      0x2db ./Core/Src/stm32f1xx_it.o
 .debug_macro   0x000170e0      0x1a3 ./Core/Src/system_stm32f1xx.o
 .debug_macro   0x00017283      0x2d5 ./Core/Src/tim.o
 .debug_macro   0x00017558      0x1c7 ./Drivers/STM32F1xx_HAL_Driver/Src/stm32f1xx_hal.o
 .debug_macro   0x0001771f      0x1b2 ./Drivers/STM32F1xx_HAL_Driver/Src/stm32f1xx_hal_can.o
 .debug_macro   0x000178d1      0x1a3 ./Drivers/STM32F1xx_HAL_Driver/Src/stm32f1xx_hal_cortex.o
 .debug_macro   0x00017a74      0x1a3 ./Drivers/STM32F1xx_HAL_Driver/Src/stm32f1xx_hal_flash.o
 .debug_macro   0x00017c17      0x1b5 ./Drivers/STM32F1xx_HAL_Driver/Src/stm32f1xx_hal_flash_ex.o
 .debug_macro   0x00017dcc      0x20e ./Drivers/STM32F1xx_HAL_Driver/Src/stm32f1xx_hal_gpio.o
 .debug_macro   0x00017fda      0x1b5 ./Drivers/STM32F1xx_HAL_Driver/Src/stm32f1xx_hal_rcc.o
 .debug_macro   0x0001818f      0x1a4 ./Drivers/STM32F1xx_HAL_Driver/Src/stm32f1xx_hal_tim.o
 .debug_macro   0x00018333      0x1a3 ./Drivers/STM32F1xx_HAL_Driver/Src/stm32f1xx_hal_tim_ex.o
 .debug_macro   0x000184d6      0x2d5 ./User/Src/user_can.o
 .debug_macro   0x000187ab      0x2dc ./User/Src/user_flash_64kb.o
 .debug_macro   0x00018a87      0x2dc ./User/Src/user_pwm.o

.debug_line     0x00000000     0xfeff
 .debug_line    0x00000000      0x92c ./Core/Src/can.o
 .debug_line    0x0000092c      0x8b2 ./Core/Src/gpio.o
 .debug_line    0x000011de      0x951 ./Core/Src/main.o
 .debug_line    0x00001b2f      0x8c0 ./Core/Src/stm32f1xx_hal_msp.o
 .debug_line    0x000023ef      0x999 ./Core/Src/stm32f1xx_it.o
 .debug_line    0x00002d88      0x782 ./Core/Src/system_stm32f1xx.o
 .debug_line    0x0000350a      0xac1 ./Core/Src/tim.o
 .debug_line    0x00003fcb       0x78 ./Core/Startup/startup_stm32f103c8tx.o
 .debug_line    0x00004043      0x9af ./Drivers/STM32F1xx_HAL_Driver/Src/stm32f1xx_hal.o
 .debug_line    0x000049f2     0x1191 ./Drivers/STM32F1xx_HAL_Driver/Src/stm32f1xx_hal_can.o
 .debug_line    0x00005b83      0xb9b ./Drivers/STM32F1xx_HAL_Driver/Src/stm32f1xx_hal_cortex.o
 .debug_line    0x0000671e      0xa7a ./Drivers/STM32F1xx_HAL_Driver/Src/stm32f1xx_hal_flash.o
 .debug_line    0x00007198      0xb68 ./Drivers/STM32F1xx_HAL_Driver/Src/stm32f1xx_hal_flash_ex.o
 .debug_line    0x00007d00      0xa48 ./Drivers/STM32F1xx_HAL_Driver/Src/stm32f1xx_hal_gpio.o
 .debug_line    0x00008748      0xdb8 ./Drivers/STM32F1xx_HAL_Driver/Src/stm32f1xx_hal_rcc.o
 .debug_line    0x00009500     0x34d4 ./Drivers/STM32F1xx_HAL_Driver/Src/stm32f1xx_hal_tim.o
 .debug_line    0x0000c9d4     0x18fe ./Drivers/STM32F1xx_HAL_Driver/Src/stm32f1xx_hal_tim_ex.o
 .debug_line    0x0000e2d2      0x9ef ./User/Src/user_can.o
 .debug_line    0x0000ecc1      0x948 ./User/Src/user_flash_64kb.o
 .debug_line    0x0000f609      0x8f6 ./User/Src/user_pwm.o

.debug_str      0x00000000    0x8ab46
 .debug_str     0x00000000    0x87667 ./Core/Src/can.o
                              0x87a4f (size before relaxing)
 .debug_str     0x00087667       0x20 ./Core/Src/gpio.o
                              0x873b7 (size before relaxing)
 .debug_str     0x00087687      0x67c ./Core/Src/main.o
                              0x87d69 (size before relaxing)
 .debug_str     0x00087d03       0x49 ./Core/Src/stm32f1xx_hal_msp.o
                              0x8740e (size before relaxing)
 .debug_str     0x00087d4c       0xf0 ./Core/Src/stm32f1xx_it.o
                              0x876cc (size before relaxing)
 .debug_str     0x00087e3c       0x7e ./Core/Src/system_stm32f1xx.o
                              0x83c69 (size before relaxing)
 .debug_str     0x00087eba      0x168 ./Core/Src/tim.o
                              0x87ac5 (size before relaxing)
 .debug_str     0x00088022       0x44 ./Core/Startup/startup_stm32f103c8tx.o
                                 0x8f (size before relaxing)
 .debug_str     0x00088066      0x371 ./Drivers/STM32F1xx_HAL_Driver/Src/stm32f1xx_hal.o
                              0x8439c (size before relaxing)
 .debug_str     0x000883d7      0x516 ./Drivers/STM32F1xx_HAL_Driver/Src/stm32f1xx_hal_can.o
                              0x84471 (size before relaxing)
 .debug_str     0x000888ed      0x26c ./Drivers/STM32F1xx_HAL_Driver/Src/stm32f1xx_hal_cortex.o
                              0x842e8 (size before relaxing)
 .debug_str     0x00088b59      0x29e ./Drivers/STM32F1xx_HAL_Driver/Src/stm32f1xx_hal_flash.o
                              0x83f44 (size before relaxing)
 .debug_str     0x00088df7      0x35b ./Drivers/STM32F1xx_HAL_Driver/Src/stm32f1xx_hal_flash_ex.o
                              0x840f2 (size before relaxing)
 .debug_str     0x00089152      0x322 ./Drivers/STM32F1xx_HAL_Driver/Src/stm32f1xx_hal_gpio.o
                              0x83fef (size before relaxing)
 .debug_str     0x00089474      0x229 ./Drivers/STM32F1xx_HAL_Driver/Src/stm32f1xx_hal_rcc.o
                              0x84098 (size before relaxing)
 .debug_str     0x0008969d      0xe15 ./Drivers/STM32F1xx_HAL_Driver/Src/stm32f1xx_hal_tim.o
                              0x8509a (size before relaxing)
 .debug_str     0x0008a4b2      0x493 ./Drivers/STM32F1xx_HAL_Driver/Src/stm32f1xx_hal_tim_ex.o
                              0x848a6 (size before relaxing)
 .debug_str     0x0008a945      0x125 ./User/Src/user_can.o
                              0x87910 (size before relaxing)
 .debug_str     0x0008aa6a       0x92 ./User/Src/user_flash_64kb.o
                              0x87504 (size before relaxing)
 .debug_str     0x0008aafc       0x4a ./User/Src/user_pwm.o
                              0x8788f (size before relaxing)

.comment        0x00000000       0x43
 .comment       0x00000000       0x43 ./Core/Src/can.o
                                 0x44 (size before relaxing)
 .comment       0x00000043       0x44 ./Core/Src/gpio.o
 .comment       0x00000043       0x44 ./Core/Src/main.o
 .comment       0x00000043       0x44 ./Core/Src/stm32f1xx_hal_msp.o
 .comment       0x00000043       0x44 ./Core/Src/stm32f1xx_it.o
 .comment       0x00000043       0x44 ./Core/Src/system_stm32f1xx.o
 .comment       0x00000043       0x44 ./Core/Src/tim.o
 .comment       0x00000043       0x44 ./Drivers/STM32F1xx_HAL_Driver/Src/stm32f1xx_hal.o
 .comment       0x00000043       0x44 ./Drivers/STM32F1xx_HAL_Driver/Src/stm32f1xx_hal_can.o
 .comment       0x00000043       0x44 ./Drivers/STM32F1xx_HAL_Driver/Src/stm32f1xx_hal_cortex.o
 .comment       0x00000043       0x44 ./Drivers/STM32F1xx_HAL_Driver/Src/stm32f1xx_hal_flash.o
 .comment       0x00000043       0x44 ./Drivers/STM32F1xx_HAL_Driver/Src/stm32f1xx_hal_flash_ex.o
 .comment       0x00000043       0x44 ./Drivers/STM32F1xx_HAL_Driver/Src/stm32f1xx_hal_gpio.o
 .comment       0x00000043       0x44 ./Drivers/STM32F1xx_HAL_Driver/Src/stm32f1xx_hal_rcc.o
 .comment       0x00000043       0x44 ./Drivers/STM32F1xx_HAL_Driver/Src/stm32f1xx_hal_tim.o
 .comment       0x00000043       0x44 ./Drivers/STM32F1xx_HAL_Driver/Src/stm32f1xx_hal_tim_ex.o
 .comment       0x00000043       0x44 ./User/Src/user_can.o
 .comment       0x00000043       0x44 ./User/Src/user_flash_64kb.o
 .comment       0x00000043       0x44 ./User/Src/user_pwm.o

.debug_frame    0x00000000     0x32b4
 .debug_frame   0x00000000       0x74 ./Core/Src/can.o
 .debug_frame   0x00000074       0x38 ./Core/Src/gpio.o
 .debug_frame   0x000000ac       0x6c ./Core/Src/main.o
 .debug_frame   0x00000118       0x34 ./Core/Src/stm32f1xx_hal_msp.o
 .debug_frame   0x0000014c      0x120 ./Core/Src/stm32f1xx_it.o
 .debug_frame   0x0000026c       0x58 ./Core/Src/system_stm32f1xx.o
 .debug_frame   0x000002c4       0xf0 ./Core/Src/tim.o
 .debug_frame   0x000003b4      0x334 ./Drivers/STM32F1xx_HAL_Driver/Src/stm32f1xx_hal.o
 .debug_frame   0x000006e8      0x5a0 ./Drivers/STM32F1xx_HAL_Driver/Src/stm32f1xx_hal_can.o
 .debug_frame   0x00000c88      0x428 ./Drivers/STM32F1xx_HAL_Driver/Src/stm32f1xx_hal_cortex.o
 .debug_frame   0x000010b0      0x20c ./Drivers/STM32F1xx_HAL_Driver/Src/stm32f1xx_hal_flash.o
 .debug_frame   0x000012bc      0x258 ./Drivers/STM32F1xx_HAL_Driver/Src/stm32f1xx_hal_flash_ex.o
 .debug_frame   0x00001514      0x14c ./Drivers/STM32F1xx_HAL_Driver/Src/stm32f1xx_hal_gpio.o
 .debug_frame   0x00001660      0x218 ./Drivers/STM32F1xx_HAL_Driver/Src/stm32f1xx_hal_rcc.o
 .debug_frame   0x00001878     0x11b8 ./Drivers/STM32F1xx_HAL_Driver/Src/stm32f1xx_hal_tim.o
 .debug_frame   0x00002a30      0x638 ./Drivers/STM32F1xx_HAL_Driver/Src/stm32f1xx_hal_tim_ex.o
 .debug_frame   0x00003068      0x104 ./User/Src/user_can.o
 .debug_frame   0x0000316c       0xc4 ./User/Src/user_flash_64kb.o
 .debug_frame   0x00003230       0x38 ./User/Src/user_pwm.o
 .debug_frame   0x00003268       0x20 C:/ST/STM32CubeIDE_1.15.1/STM32CubeIDE/plugins/com.st.stm32cube.ide.mcu.externaltools.gnu-tools-for-stm32.12.3.rel1.win32_1.0.100.202403111256/tools/bin/../lib/gcc/arm-none-eabi/12.3.1/../../../../arm-none-eabi/lib/thumb/v7-m/nofp\libc_nano.a(libc_a-memset.o)
 .debug_frame   0x00003288       0x2c C:/ST/STM32CubeIDE_1.15.1/STM32CubeIDE/plugins/com.st.stm32cube.ide.mcu.externaltools.gnu-tools-for-stm32.12.3.rel1.win32_1.0.100.202403111256/tools/bin/../lib/gcc/arm-none-eabi/12.3.1/../../../../arm-none-eabi/lib/thumb/v7-m/nofp\libc_nano.a(libc_a-init.o)

.debug_line_str
                0x00000000       0x73
 .debug_line_str
                0x00000000       0x73 ./Core/Startup/startup_stm32f103c8tx.o
